// Jest Snapshot v1, https://goo.gl/fbAQLP

exports[`should render ExpenseListItem 1`] = `
<Link
  className="list-item"
  replace={false}
  to="/edit/1"
>
  <div>
    <h3
      className="list-item__title"
    >
      Gum
    </h3>
    <h3
      className="list-item__sub-title"
    >
      January 1st 1970, 01:00:00
    </h3>
  </div>
  <h3
    className="list-item__data"
  >
    1,95 zł
    ~
    0,45
     €.
  </h3>
</Link>
`;
