// Jest Snapshot v1, https://goo.gl/fbAQLP

exports[`shpuld render loadingPage 1`] = `""`;
