// Jest Snapshot v1, https://goo.gl/fbAQLP

exports[`shpuld render NotFoundPage correctly 1`] = `
<div>
  <h4>
    <b>
      404! - Page not found.
    </b>
  </h4>
  <Link
    replace={false}
    to="/"
  >
    Home Page
  </Link>
</div>
`;
